../Core/Src/main.c:98:6:Set_LED	24	static
../Core/Src/main.c:108:6:Set_Brightness	40	static
../Core/Src/main.c:130:6:WS2812_Send	32	static
../Core/Src/main.c:169:6:HAL_TIM_PWM_PulseFinishedCallback	16	static
../Core/Src/main.c:180:5:main	24	static
../Core/Src/main.c:253:6:SystemClock_Config	120	static
../Core/Src/main.c:312:13:MX_ETH_Init	8	static
../Core/Src/main.c:361:13:MX_TIM3_Init	64	static
../Core/Src/main.c:420:13:MX_USART3_UART_Init	8	static
../Core/Src/main.c:468:13:MX_USB_OTG_FS_PCD_Init	8	static
../Core/Src/main.c:502:13:MX_DMA_Init	16	static
../Core/Src/main.c:520:13:MX_GPIO_Init	56	static
../Core/Src/main.c:574:6:Error_Handler	4	static,ignoring_inline_asm
